42dc6108fec4ab63943c36ab496ba27a6eb7e4562be0ab31c5262531d1c989fa
5ee4c6d7ae97b56fc7bdbd1cdb91b81cbc59042f5f29777279dbcc257ddb9144
42dc6108fec4ab63943c36ab496ba27a6eb7e4562be0ab31c5262531d1c989fa
5ee4c6d7ae97b56fc7bdbd1cdb91b81cbc59042f5f29777279dbcc257ddb9144
3402880bcbb3b4b843155da19361c644cf7529183a7b91bb6b61926a4b3e0a0f
5c861020a9ed8c956475071378b4fb7055d2c16c4e175a2e3a7288a9afd1c23a
313a61170d97b02294afa61d47bdb910052a04762595bcd6e265d9a44b5b2e16
Getting image source signatures
Copying blob sha256:14b020b11f9581252c883ced03bd22bfb859697b71b53d07a71c843988279139
Copying blob sha256:b56ed1d3d213197856b6aa43ddce946fd968799363d06d6512c407310c7f971e
Copying blob sha256:255b8dec3424495137ecb7200d55bc8931239ecd8548410094674de11a05f5ba
Copying config sha256:3562c84891f92f1fca64056ab15a96502ccf3793cf27d932bf2448c0885a0913
Writing manifest to image destination
3562c84891f92f1fca64056ab15a96502ccf3793cf27d932bf2448c0885a0913
E: Invalid operation udate
Error: while running runtime: exit status 100
42dc6108fec4ab63943c36ab496ba27a6eb7e4562be0ab31c5262531d1c989fa
5ee4c6d7ae97b56fc7bdbd1cdb91b81cbc59042f5f29777279dbcc257ddb9144
42dc6108fec4ab63943c36ab496ba27a6eb7e4562be0ab31c5262531d1c989fa
5ee4c6d7ae97b56fc7bdbd1cdb91b81cbc59042f5f29777279dbcc257ddb9144
3402880bcbb3b4b843155da19361c644cf7529183a7b91bb6b61926a4b3e0a0f
5c861020a9ed8c956475071378b4fb7055d2c16c4e175a2e3a7288a9afd1c23a
313a61170d97b02294afa61d47bdb910052a04762595bcd6e265d9a44b5b2e16
Getting image source signatures
Copying blob sha256:14b020b11f9581252c883ced03bd22bfb859697b71b53d07a71c843988279139
Copying blob sha256:b56ed1d3d213197856b6aa43ddce946fd968799363d06d6512c407310c7f971e
Copying blob sha256:01e37570fd884ab4567aaa247e6fe976dd7b9acd87293c5fb1b495f1e77882fc
Copying config sha256:5056d0ce633b9f04d715dc8153381e894b697c4bfe3a35f7c0f647dd5635291f
Writing manifest to image destination
5056d0ce633b9f04d715dc8153381e894b697c4bfe3a35f7c0f647dd5635291f
E: Invalid operation uppdate
Error: while running runtime: exit status 100
E: Invalid operation uppdate
Error: while running runtime: exit status 100
E: Invalid operation uppdate
Error: while running runtime: exit status 100
E: Invalid operation uppdate
Error: while running runtime: exit status 100
42dc6108fec4ab63943c36ab496ba27a6eb7e4562be0ab31c5262531d1c989fa
5ee4c6d7ae97b56fc7bdbd1cdb91b81cbc59042f5f29777279dbcc257ddb9144
42dc6108fec4ab63943c36ab496ba27a6eb7e4562be0ab31c5262531d1c989fa
5ee4c6d7ae97b56fc7bdbd1cdb91b81cbc59042f5f29777279dbcc257ddb9144
3402880bcbb3b4b843155da19361c644cf7529183a7b91bb6b61926a4b3e0a0f
5c861020a9ed8c956475071378b4fb7055d2c16c4e175a2e3a7288a9afd1c23a
313a61170d97b02294afa61d47bdb910052a04762595bcd6e265d9a44b5b2e16
Getting image source signatures
Copying blob sha256:14b020b11f9581252c883ced03bd22bfb859697b71b53d07a71c843988279139
Copying blob sha256:b56ed1d3d213197856b6aa43ddce946fd968799363d06d6512c407310c7f971e
Copying blob sha256:d8a9e42290812f3127a8d4292296d7fd19102880deb09c1b4bf4b9a290ff6319
Copying config sha256:4699b8ccfedf4d5d71fda4f2b908af10492ed670b8614d3237b8ed27ba21c371
Writing manifest to image destination
4699b8ccfedf4d5d71fda4f2b908af10492ed670b8614d3237b8ed27ba21c371
E: Invalid operation uppdate
Error: while running runtime: exit status 100
E: Invalid operation uppdate
Error: while running runtime: exit status 100
42dc6108fec4ab63943c36ab496ba27a6eb7e4562be0ab31c5262531d1c989fa
5ee4c6d7ae97b56fc7bdbd1cdb91b81cbc59042f5f29777279dbcc257ddb9144
42dc6108fec4ab63943c36ab496ba27a6eb7e4562be0ab31c5262531d1c989fa
5ee4c6d7ae97b56fc7bdbd1cdb91b81cbc59042f5f29777279dbcc257ddb9144
3402880bcbb3b4b843155da19361c644cf7529183a7b91bb6b61926a4b3e0a0f
5c861020a9ed8c956475071378b4fb7055d2c16c4e175a2e3a7288a9afd1c23a
313a61170d97b02294afa61d47bdb910052a04762595bcd6e265d9a44b5b2e16
Getting image source signatures
Copying blob sha256:14b020b11f9581252c883ced03bd22bfb859697b71b53d07a71c843988279139
Copying blob sha256:b56ed1d3d213197856b6aa43ddce946fd968799363d06d6512c407310c7f971e
Copying blob sha256:30f81b1eddfaa2e12fbca68296dd71cf02d94cb35a03ebc2b6c8653d5a5f4702
Copying config sha256:204ee40dee238c4ff82033d7440f45365bab9360a97b6e222489c63d7ca7b3d5
Writing manifest to image destination
204ee40dee238c4ff82033d7440f45365bab9360a97b6e222489c63d7ca7b3d5
3c4cf99b4fa46c9249735834286c4fff5629eed2451df1344737d6ad6bf29a00
5ee4c6d7ae97b56fc7bdbd1cdb91b81cbc59042f5f29777279dbcc257ddb9144
32b6fd4290e162c686d6a041aa17b8143f4a05b72b13d825c38f25bd0593ea37
5c861020a9ed8c956475071378b4fb7055d2c16c4e175a2e3a7288a9afd1c23a
313a61170d97b02294afa61d47bdb910052a04762595bcd6e265d9a44b5b2e16
Getting image source signatures
Copying blob sha256:14b020b11f9581252c883ced03bd22bfb859697b71b53d07a71c843988279139
Copying blob sha256:b56ed1d3d213197856b6aa43ddce946fd968799363d06d6512c407310c7f971e
Copying blob sha256:df9c25a6465421ddeaafd2969ae9f574c5064185ba44035d24d0e9679d6a9873
Copying config sha256:81a1004804d26d631db58e2ad606a6fef229d26aced059b9a76807d34bab0b68
Writing manifest to image destination
81a1004804d26d631db58e2ad606a6fef229d26aced059b9a76807d34bab0b68
E: Invalid operation uppdate
Error: while running runtime: exit status 100
42dc6108fec4ab63943c36ab496ba27a6eb7e4562be0ab31c5262531d1c989fa
5ee4c6d7ae97b56fc7bdbd1cdb91b81cbc59042f5f29777279dbcc257ddb9144
42dc6108fec4ab63943c36ab496ba27a6eb7e4562be0ab31c5262531d1c989fa
5ee4c6d7ae97b56fc7bdbd1cdb91b81cbc59042f5f29777279dbcc257ddb9144
3402880bcbb3b4b843155da19361c644cf7529183a7b91bb6b61926a4b3e0a0f
5c861020a9ed8c956475071378b4fb7055d2c16c4e175a2e3a7288a9afd1c23a
313a61170d97b02294afa61d47bdb910052a04762595bcd6e265d9a44b5b2e16
Getting image source signatures
Copying blob sha256:14b020b11f9581252c883ced03bd22bfb859697b71b53d07a71c843988279139
Copying blob sha256:b56ed1d3d213197856b6aa43ddce946fd968799363d06d6512c407310c7f971e
Copying blob sha256:8c753aa27e5c4b3e95b1547431ef21547382b6db45e74e4a6aebcdcdbb87c1ef
Copying config sha256:2b1a6586007e0c4266ca29dde69ad5c2075faf604606dd50364ea1ba9470599b
Writing manifest to image destination
2b1a6586007e0c4266ca29dde69ad5c2075faf604606dd50364ea1ba9470599b
3c4cf99b4fa46c9249735834286c4fff5629eed2451df1344737d6ad6bf29a00
5ee4c6d7ae97b56fc7bdbd1cdb91b81cbc59042f5f29777279dbcc257ddb9144
32b6fd4290e162c686d6a041aa17b8143f4a05b72b13d825c38f25bd0593ea37
5c861020a9ed8c956475071378b4fb7055d2c16c4e175a2e3a7288a9afd1c23a
313a61170d97b02294afa61d47bdb910052a04762595bcd6e265d9a44b5b2e16
Getting image source signatures
Copying blob sha256:14b020b11f9581252c883ced03bd22bfb859697b71b53d07a71c843988279139
Copying blob sha256:b56ed1d3d213197856b6aa43ddce946fd968799363d06d6512c407310c7f971e
Copying blob sha256:613d8c6dbf23991f0d55ec1134170a3b4aebad1ef680b22a74fed7037db3afaf
Copying config sha256:89216838593c0aa7bb8b937ae38c51bd2dbfed1b4568f310c4b88f827db9268a
Writing manifest to image destination
89216838593c0aa7bb8b937ae38c51bd2dbfed1b4568f310c4b88f827db9268a
42dc6108fec4ab63943c36ab496ba27a6eb7e4562be0ab31c5262531d1c989fa
5ee4c6d7ae97b56fc7bdbd1cdb91b81cbc59042f5f29777279dbcc257ddb9144
42dc6108fec4ab63943c36ab496ba27a6eb7e4562be0ab31c5262531d1c989fa
5ee4c6d7ae97b56fc7bdbd1cdb91b81cbc59042f5f29777279dbcc257ddb9144
3402880bcbb3b4b843155da19361c644cf7529183a7b91bb6b61926a4b3e0a0f
5c861020a9ed8c956475071378b4fb7055d2c16c4e175a2e3a7288a9afd1c23a
313a61170d97b02294afa61d47bdb910052a04762595bcd6e265d9a44b5b2e16
Getting image source signatures
Copying blob sha256:14b020b11f9581252c883ced03bd22bfb859697b71b53d07a71c843988279139
Copying blob sha256:b56ed1d3d213197856b6aa43ddce946fd968799363d06d6512c407310c7f971e
Copying blob sha256:a0539940088cbe5b76b9b1be5b2b3efb5ef7f01db2562256280162b12c1d5b4c
Copying config sha256:9fcbcbd6c22c026a2351e8cb3e18fed36f77bb2e603961b93cf9383e33217528
Writing manifest to image destination
9fcbcbd6c22c026a2351e8cb3e18fed36f77bb2e603961b93cf9383e33217528
3c4cf99b4fa46c9249735834286c4fff5629eed2451df1344737d6ad6bf29a00
5ee4c6d7ae97b56fc7bdbd1cdb91b81cbc59042f5f29777279dbcc257ddb9144
32b6fd4290e162c686d6a041aa17b8143f4a05b72b13d825c38f25bd0593ea37
5c861020a9ed8c956475071378b4fb7055d2c16c4e175a2e3a7288a9afd1c23a
313a61170d97b02294afa61d47bdb910052a04762595bcd6e265d9a44b5b2e16
Getting image source signatures
Copying blob sha256:14b020b11f9581252c883ced03bd22bfb859697b71b53d07a71c843988279139
Copying blob sha256:b56ed1d3d213197856b6aa43ddce946fd968799363d06d6512c407310c7f971e
Copying blob sha256:4067c556ddba49426117678f1eaa09f9ad2f42edd88542de74bebac3c174f20f
Copying config sha256:20d3e01dfbe20b7297180a28493bee2b733fad1e0f0aae8729657f718d2253a4
Writing manifest to image destination
20d3e01dfbe20b7297180a28493bee2b733fad1e0f0aae8729657f718d2253a4
42dc6108fec4ab63943c36ab496ba27a6eb7e4562be0ab31c5262531d1c989fa
5ee4c6d7ae97b56fc7bdbd1cdb91b81cbc59042f5f29777279dbcc257ddb9144
42dc6108fec4ab63943c36ab496ba27a6eb7e4562be0ab31c5262531d1c989fa
5ee4c6d7ae97b56fc7bdbd1cdb91b81cbc59042f5f29777279dbcc257ddb9144
3402880bcbb3b4b843155da19361c644cf7529183a7b91bb6b61926a4b3e0a0f
5c861020a9ed8c956475071378b4fb7055d2c16c4e175a2e3a7288a9afd1c23a
313a61170d97b02294afa61d47bdb910052a04762595bcd6e265d9a44b5b2e16
Getting image source signatures
Copying blob sha256:14b020b11f9581252c883ced03bd22bfb859697b71b53d07a71c843988279139
Copying blob sha256:b56ed1d3d213197856b6aa43ddce946fd968799363d06d6512c407310c7f971e
Copying blob sha256:5f480e6f0bbe37fe3125544acde742b93d3c47cb017f8c32abedbbfedf06554e
Copying config sha256:33c83c3bfae24547ea0b4b45890c3b3bdc5f4de0a2cff0ba2a13aa67c1b1cf10
Writing manifest to image destination
33c83c3bfae24547ea0b4b45890c3b3bdc5f4de0a2cff0ba2a13aa67c1b1cf10
3c4cf99b4fa46c9249735834286c4fff5629eed2451df1344737d6ad6bf29a00
5ee4c6d7ae97b56fc7bdbd1cdb91b81cbc59042f5f29777279dbcc257ddb9144
32b6fd4290e162c686d6a041aa17b8143f4a05b72b13d825c38f25bd0593ea37
5c861020a9ed8c956475071378b4fb7055d2c16c4e175a2e3a7288a9afd1c23a
313a61170d97b02294afa61d47bdb910052a04762595bcd6e265d9a44b5b2e16
Getting image source signatures
Copying blob sha256:14b020b11f9581252c883ced03bd22bfb859697b71b53d07a71c843988279139
Copying blob sha256:b56ed1d3d213197856b6aa43ddce946fd968799363d06d6512c407310c7f971e
Copying blob sha256:b8fea3404b8e2d3a3c3b818d9349a2db60fd9ae9f681dea58bebc07ce83fc936
Copying config sha256:9a49ff174b083da6813a76e9f57b9fb1d290e037a3a8058adf0ca133c3623759
Writing manifest to image destination
9a49ff174b083da6813a76e9f57b9fb1d290e037a3a8058adf0ca133c3623759
42dc6108fec4ab63943c36ab496ba27a6eb7e4562be0ab31c5262531d1c989fa
5ee4c6d7ae97b56fc7bdbd1cdb91b81cbc59042f5f29777279dbcc257ddb9144
42dc6108fec4ab63943c36ab496ba27a6eb7e4562be0ab31c5262531d1c989fa
5ee4c6d7ae97b56fc7bdbd1cdb91b81cbc59042f5f29777279dbcc257ddb9144
3402880bcbb3b4b843155da19361c644cf7529183a7b91bb6b61926a4b3e0a0f
5c861020a9ed8c956475071378b4fb7055d2c16c4e175a2e3a7288a9afd1c23a
313a61170d97b02294afa61d47bdb910052a04762595bcd6e265d9a44b5b2e16
Getting image source signatures
Copying blob sha256:14b020b11f9581252c883ced03bd22bfb859697b71b53d07a71c843988279139
Copying blob sha256:b56ed1d3d213197856b6aa43ddce946fd968799363d06d6512c407310c7f971e
Copying blob sha256:f788e00932dfd13d858399129d256170cc189d789bc1c71186045137d3f75445
Copying config sha256:748b4c6a3da487ac7064b790d4ce3adfda11eb1f02262d4d312adca5999fae42
Writing manifest to image destination
748b4c6a3da487ac7064b790d4ce3adfda11eb1f02262d4d312adca5999fae42
3c4cf99b4fa46c9249735834286c4fff5629eed2451df1344737d6ad6bf29a00
5ee4c6d7ae97b56fc7bdbd1cdb91b81cbc59042f5f29777279dbcc257ddb9144
32b6fd4290e162c686d6a041aa17b8143f4a05b72b13d825c38f25bd0593ea37
5c861020a9ed8c956475071378b4fb7055d2c16c4e175a2e3a7288a9afd1c23a
313a61170d97b02294afa61d47bdb910052a04762595bcd6e265d9a44b5b2e16
Getting image source signatures
Copying blob sha256:14b020b11f9581252c883ced03bd22bfb859697b71b53d07a71c843988279139
Copying blob sha256:b56ed1d3d213197856b6aa43ddce946fd968799363d06d6512c407310c7f971e
Copying blob sha256:a45773d89ef0e82c1a70ea9244b7973b83aaeffaeafcc7f30fbdf75964fdf4ec
Copying config sha256:62a0d9ecfeba8cd72fafef5eac3bf3d5f6196675cfc4a327598c4a20b6bcea74
Writing manifest to image destination
62a0d9ecfeba8cd72fafef5eac3bf3d5f6196675cfc4a327598c4a20b6bcea74
42dc6108fec4ab63943c36ab496ba27a6eb7e4562be0ab31c5262531d1c989fa
5ee4c6d7ae97b56fc7bdbd1cdb91b81cbc59042f5f29777279dbcc257ddb9144
42dc6108fec4ab63943c36ab496ba27a6eb7e4562be0ab31c5262531d1c989fa
5ee4c6d7ae97b56fc7bdbd1cdb91b81cbc59042f5f29777279dbcc257ddb9144
3402880bcbb3b4b843155da19361c644cf7529183a7b91bb6b61926a4b3e0a0f
5c861020a9ed8c956475071378b4fb7055d2c16c4e175a2e3a7288a9afd1c23a
313a61170d97b02294afa61d47bdb910052a04762595bcd6e265d9a44b5b2e16
Getting image source signatures
Copying blob sha256:14b020b11f9581252c883ced03bd22bfb859697b71b53d07a71c843988279139
Copying blob sha256:b56ed1d3d213197856b6aa43ddce946fd968799363d06d6512c407310c7f971e
Copying blob sha256:ea90a37ffc8942f0df0018be6b054d4213b20631ad31eb04c9993bdd4ffcb2fd
Copying config sha256:343e5a8cff47235afb34ff7255502318c257c4d63b259a9de6f0e6b75af9500e
Writing manifest to image destination
343e5a8cff47235afb34ff7255502318c257c4d63b259a9de6f0e6b75af9500e
3c4cf99b4fa46c9249735834286c4fff5629eed2451df1344737d6ad6bf29a00
5ee4c6d7ae97b56fc7bdbd1cdb91b81cbc59042f5f29777279dbcc257ddb9144
32b6fd4290e162c686d6a041aa17b8143f4a05b72b13d825c38f25bd0593ea37
5c861020a9ed8c956475071378b4fb7055d2c16c4e175a2e3a7288a9afd1c23a
313a61170d97b02294afa61d47bdb910052a04762595bcd6e265d9a44b5b2e16
Getting image source signatures
Copying blob sha256:14b020b11f9581252c883ced03bd22bfb859697b71b53d07a71c843988279139
Copying blob sha256:b56ed1d3d213197856b6aa43ddce946fd968799363d06d6512c407310c7f971e
Copying blob sha256:cdcbcf60c82481818fe53f601f51d1a4a0c0189fecb6a9a522792fae1858cfe5
Copying config sha256:d9d129548a6b52cca44afa8790b083419ed26b4ba06a6263fc20f5075992ad8a
Writing manifest to image destination
d9d129548a6b52cca44afa8790b083419ed26b4ba06a6263fc20f5075992ad8a
dde9288e0e390ea3ac50c8c351533a645a5ce4f656a5967ee519cecf6f684fb4
5ee4c6d7ae97b56fc7bdbd1cdb91b81cbc59042f5f29777279dbcc257ddb9144
dde9288e0e390ea3ac50c8c351533a645a5ce4f656a5967ee519cecf6f684fb4
5ee4c6d7ae97b56fc7bdbd1cdb91b81cbc59042f5f29777279dbcc257ddb9144
2ca06e8ea1947e069135134d7faa714bb1308096039682d19d51682498c25b0e
5c861020a9ed8c956475071378b4fb7055d2c16c4e175a2e3a7288a9afd1c23a
313a61170d97b02294afa61d47bdb910052a04762595bcd6e265d9a44b5b2e16
Getting image source signatures
Copying blob sha256:14b020b11f9581252c883ced03bd22bfb859697b71b53d07a71c843988279139
Copying blob sha256:b56ed1d3d213197856b6aa43ddce946fd968799363d06d6512c407310c7f971e
Copying blob sha256:889b9f3dc16a0c7da8e3941109e59be65e3e14fc6d1d7231c9c102011f66b0e5
Copying config sha256:e64015050f37cb57e09b4431f9fa604dc371a3d89fcc87dd3bb9e7479348966b
Writing manifest to image destination
e64015050f37cb57e09b4431f9fa604dc371a3d89fcc87dd3bb9e7479348966b
86b303c496a939e2bcef46ef6a5820d7352328335f811e1b5dcb972c39339d3f
5ee4c6d7ae97b56fc7bdbd1cdb91b81cbc59042f5f29777279dbcc257ddb9144
482e5c4dfb3b6d0d1bae4e42ed31bd767780ec94669bcc7a317e409fc60fc483
5c861020a9ed8c956475071378b4fb7055d2c16c4e175a2e3a7288a9afd1c23a
313a61170d97b02294afa61d47bdb910052a04762595bcd6e265d9a44b5b2e16
Getting image source signatures
Copying blob sha256:14b020b11f9581252c883ced03bd22bfb859697b71b53d07a71c843988279139
Copying blob sha256:b56ed1d3d213197856b6aa43ddce946fd968799363d06d6512c407310c7f971e
Copying blob sha256:5b608115d7bb318eb2de28782a6085922e994b8a103d0bdb92c2da873a570e82
Copying config sha256:b1b109d5ff7b675e4291be7b13ac45f2289fe67fef3161e4a55e4e6cadae2dbe
Writing manifest to image destination
b1b109d5ff7b675e4291be7b13ac45f2289fe67fef3161e4a55e4e6cadae2dbe
42dc6108fec4ab63943c36ab496ba27a6eb7e4562be0ab31c5262531d1c989fa
5ee4c6d7ae97b56fc7bdbd1cdb91b81cbc59042f5f29777279dbcc257ddb9144
42dc6108fec4ab63943c36ab496ba27a6eb7e4562be0ab31c5262531d1c989fa
5ee4c6d7ae97b56fc7bdbd1cdb91b81cbc59042f5f29777279dbcc257ddb9144
3402880bcbb3b4b843155da19361c644cf7529183a7b91bb6b61926a4b3e0a0f
5c861020a9ed8c956475071378b4fb7055d2c16c4e175a2e3a7288a9afd1c23a
313a61170d97b02294afa61d47bdb910052a04762595bcd6e265d9a44b5b2e16
Getting image source signatures
Copying blob sha256:14b020b11f9581252c883ced03bd22bfb859697b71b53d07a71c843988279139
Copying blob sha256:b56ed1d3d213197856b6aa43ddce946fd968799363d06d6512c407310c7f971e
Copying blob sha256:bce655f3f6fbc6a9457cf8dbfa86bf90876a3fbd1abd2c96d4c76a29c19529f0
Copying config sha256:4ff7bdcdd3b520fbf4397152535ea1b59dbb72268caa19b808d091ea8fcca882
Writing manifest to image destination
4ff7bdcdd3b520fbf4397152535ea1b59dbb72268caa19b808d091ea8fcca882
3c4cf99b4fa46c9249735834286c4fff5629eed2451df1344737d6ad6bf29a00
5ee4c6d7ae97b56fc7bdbd1cdb91b81cbc59042f5f29777279dbcc257ddb9144
32b6fd4290e162c686d6a041aa17b8143f4a05b72b13d825c38f25bd0593ea37
5c861020a9ed8c956475071378b4fb7055d2c16c4e175a2e3a7288a9afd1c23a
313a61170d97b02294afa61d47bdb910052a04762595bcd6e265d9a44b5b2e16
Getting image source signatures
Copying blob sha256:14b020b11f9581252c883ced03bd22bfb859697b71b53d07a71c843988279139
Copying blob sha256:b56ed1d3d213197856b6aa43ddce946fd968799363d06d6512c407310c7f971e
Copying blob sha256:87a57f8e7b8768a90e7aeae13bdb204ab9f194e42ce187c5a2e2d0b7311eb56a
Copying config sha256:048a4391e93f9d403734cde15dab888a62fcd893905bb62b211a4c70f476dd12
Writing manifest to image destination
048a4391e93f9d403734cde15dab888a62fcd893905bb62b211a4c70f476dd12
42dc6108fec4ab63943c36ab496ba27a6eb7e4562be0ab31c5262531d1c989fa
5ee4c6d7ae97b56fc7bdbd1cdb91b81cbc59042f5f29777279dbcc257ddb9144
42dc6108fec4ab63943c36ab496ba27a6eb7e4562be0ab31c5262531d1c989fa
5ee4c6d7ae97b56fc7bdbd1cdb91b81cbc59042f5f29777279dbcc257ddb9144
3402880bcbb3b4b843155da19361c644cf7529183a7b91bb6b61926a4b3e0a0f
5c861020a9ed8c956475071378b4fb7055d2c16c4e175a2e3a7288a9afd1c23a
313a61170d97b02294afa61d47bdb910052a04762595bcd6e265d9a44b5b2e16
Getting image source signatures
Copying blob sha256:14b020b11f9581252c883ced03bd22bfb859697b71b53d07a71c843988279139
Copying blob sha256:b56ed1d3d213197856b6aa43ddce946fd968799363d06d6512c407310c7f971e
Copying blob sha256:7a0d36b4ea579c209d9b0898a9e442737b63e3f52b4641ad32b290cce3f144a7
Copying config sha256:c1caa40dbfe052b41ea5e31f5280148a00b9ab999393857f8f4166b5ea42cced
Writing manifest to image destination
c1caa40dbfe052b41ea5e31f5280148a00b9ab999393857f8f4166b5ea42cced
3c4cf99b4fa46c9249735834286c4fff5629eed2451df1344737d6ad6bf29a00
5ee4c6d7ae97b56fc7bdbd1cdb91b81cbc59042f5f29777279dbcc257ddb9144
32b6fd4290e162c686d6a041aa17b8143f4a05b72b13d825c38f25bd0593ea37
5c861020a9ed8c956475071378b4fb7055d2c16c4e175a2e3a7288a9afd1c23a
313a61170d97b02294afa61d47bdb910052a04762595bcd6e265d9a44b5b2e16
Getting image source signatures
Copying blob sha256:14b020b11f9581252c883ced03bd22bfb859697b71b53d07a71c843988279139
Copying blob sha256:b56ed1d3d213197856b6aa43ddce946fd968799363d06d6512c407310c7f971e
Copying blob sha256:4c878a5aaf348317604e6657c091c5dcb87ff6435347f82596870686928b2ef9
Copying config sha256:fca4eff4924128e148d9a9fd1c4f686994351c8cc2b99cc4a90a3f2e375731cf
Writing manifest to image destination
fca4eff4924128e148d9a9fd1c4f686994351c8cc2b99cc4a90a3f2e375731cf
E: Invalid operation uppdate
Error: while running runtime: exit status 100
